[www.franchisedirect.com/index.html]
[stackpath.bootstrapcdn.com/font-awesome/4.7.0/css/font-awesome.min.css]
[backblue.gif]
[fade.gif]
[index.html]
[d1imm0s6tc8o7m.cloudfront.net/resource/All.min.0f6cf2e4f0fd6ea6416ff0417ac5fc08.gz.js]
[d1imm0s6tc8o7m.cloudfront.net/resource/All.min.2f1bbba77a4d810c47925da5504adf3d.gz.css]
[d1imm0s6tc8o7m.cloudfront.net/resource/assets/tel-input-17/js/intlTelInput.6615f9321252892e9f4c7ec96f31e041.gz.js]
[d1imm0s6tc8o7m.cloudfront.net/resource/assets/tel-input-17/css/intlTelInput.0494d2718e029351404c9a523e25b5b1.gz.css]
[www.google.com/recaptcha/apifef7.js]
[www.google.com/recaptcha/apidd79.js]
[connect.facebook.net/en_US/fbevents.js]
[static.franchisedirect.ie/dims4/default/c081873/2147483647/crop/0x0+0+0/resize/96x96_/quality/95/indexfd6f.html]
[www.franchisedirect.com/images/touch-icons/touch-icon-iphone.png]
[www.franchisedirect.com/images/touch-icons/apple-touch-icon-76.png]
[www.franchisedirect.com/images/touch-icons/apple-touch-icon-120.png]
[www.franchisedirect.com/images/touch-icons/apple-touch-icon-152.png]
[www.franchisedirect.com/images/touch-icons/apple-touch-icon-180.png]
[www.franchisedirect.com/images/touch-icons/android-icon-192.png]
[api.cartstack.com/js/customer-tracking/www.franchisedirect.com_474e975c9cd15a34039ecf32610640de.js]
[www.googleadservices.com/pagead/f.txt]
[static.franchisedirect.ie/dims4/default/664fbf1/2147483647/resize/x36/quality/95/index0ac6.html]
[www.franchisedirect.com/accountingfinancialfranchises/38.html]
[www.franchisedirect.com/advertisingmarketingfranchises/39.html]
[www.franchisedirect.com/automotivefranchises/7.html]
[www.franchisedirect.com/businessopportunities/8.html]
[www.franchisedirect.com/industries/index.html]
[www.franchisedirect.com/businessservicesfranchise/351.html]
[www.franchisedirect.com/childrensfranchises/10.html]
[www.franchisedirect.com/cleaningfranchises/11.html]
[www.franchisedirect.com/coffeefranchises/74.html]
[www.franchisedirect.com/computerinternetfranchises/12.html]
[www.franchisedirect.com/consultantbusinessbrokerfranchises/43.html]
[www.franchisedirect.com/courierfranchises/42.html]
[www.franchisedirect.com/employmentstaffingfranchises/45.html]
[www.franchisedirect.com/entertainmentfranchises/107.html]
[www.franchisedirect.com/fitnessfranchises/13.html]
[www.franchisedirect.com/foodfranchises/14.html]
[www.franchisedirect.com/healthbeautyfranchises/129.html]
[www.franchisedirect.com/franchise-resales/index.html]
[www.franchisedirect.com/franchise-service-providers/index.html]
[www.franchisedirect.com/healthcareseniorcarefranchises/15.html]
[www.franchisedirect.com/homebasedfranchises/16.html]
[www.franchisedirect.com/homeservicesfranchises/17.html]
[www.franchisedirect.com/industrialfranchises/919.html]
[www.franchisedirect.com/mailingshippingfranchises/49.html]
[www.franchisedirect.com/movingstoragefranchises/46.html]
[www.franchisedirect.com/petfranchises/18.html]
[www.franchisedirect.com/photographyfranchises/110.html]
[www.franchisedirect.com/post-covid-franchises/index.html]
[www.franchisedirect.com/printercopyingsignfranchises/48.html]
[www.franchisedirect.com/real-estate-franchises/19.html]
[www.franchisedirect.com/restaurantfranchises/81.html]
[www.franchisedirect.com/retailfranchises/100.html]
[www.franchisedirect.com/sportsfranchises/111.html]
[www.franchisedirect.com/taxfranchises/51.html]
[www.franchisedirect.com/trainingfranchises/44.html]
[www.franchisedirect.com/travelfranchises/21.html]
[www.franchisedirect.com/vendingfranchiseopportunities/121.html]
[www.franchisedirect.com/franchises-under-1000/index.html]
[www.franchisedirect.com/franchises-under-5000/index.html]
[www.franchisedirect.com/franchises-under-10k/index.html]
[www.franchisedirect.com/top100globalfranchises/rankings.html]
[www.franchisedirect.com/franchises-under-20000/index.html]
[www.franchisedirect.com/franchises-under-30000/index.html]
[www.franchisedirect.com/franchises-under-40000/index.html]
[www.franchisedirect.com/top100globalfranchises/rankings/2021.html]
[www.franchisedirect.com/franchises-under-50000/index.html]
[www.franchisedirect.com/franchises-under-70000/index.html]
[www.franchisedirect.com/franchises-under-60000/index.html]
[www.franchisedirect.com/franchises-under-80000/index.html]
[www.franchisedirect.com/franchises-under-90000/index.html]
[www.franchisedirect.com/franchises-under-100000/index.html]
[www.franchisedirect.com/franchises-under-300000/index.html]
[www.franchisedirect.com/top100globalfranchises/rankings/2020.html]
[www.franchisedirect.com/franchises-under-200000/index.html]
[www.franchisedirect.com/franchises-any-amount/index.html]
[www.franchisedirect.com/franchises-under-500000/index.html]
[www.franchisedirect.com/franchises-under-400000/index.html]
[www.franchisedirect.com/top100globalfranchises/rankings/2019.html]
[www.franchisedirect.com/franchise-opportunities-for-sale-near-me/index.html]
[www.franchisedirect.com/login.html]
[www.franchisedirect.com/internationalfranchises/index.html]
[d1imm0s6tc8o7m.cloudfront.net/resource/assets/jquery-3.4.1.min.3ea42709c1cc42a2f1df59c8dfc233ca.gz.js]
[www.franchisedirect.com/categories/index.html]
[d1imm0s6tc8o7m.cloudfront.net/resource/assets/jquery-ui.5aa218124ee1aa7118aa53b41b2b746d.gz.js]
[www.franchisedirect.com/topfranchises/index.html]
[d1imm0s6tc8o7m.cloudfront.net/resource/vendor/jquery.validate.min.1b003a3e1f5604902cce42ac47aed371.gz.js]
[www.franchisedirect.com/directory/index.html]
[www.franchisedirect.com/hotfranchises/index.html]
[www.franchisedirect.com/newfranchises/index.html]
[www.franchisedirect.com/recession-resilient-franchises/index.html]
[www.franchisedirect.com/low-cost-franchises/index.html]
[www.franchisedirect.com/foodfranchises/fastfoodfranchises/76.html]
[www.franchisedirect.com/greenfranchises/index.html]
[www.franchisedirect.com/mobilefranchises/index.html]
[www.franchisedirect.com/veterans/index.html]
[www.franchisedirect.com/sbaapprovedfranchises/index.html]
[www.franchisedirect.com/masterfranchises/index.html]
[www.franchisedirect.com/specialfinancing/index.html]
[www.franchisedirect.com/fitnessfranchises/gymfranchises/63.html]
[www.franchisedirect.com/ultimate-guide-to-franchising/index.html]
[www.franchisedirect.com/ultimate-guide-franchise-financing/index.html]
[www.franchisedirect.com/fdd-research-hub/index.html]
[www.franchisedirect.com/ultimate-guide-to-franchise-disclosure-documents/index.html]
[www.franchisedirect.com/information/index.html]
[www.franchisedirect.com/foodfranchises/icecreamfranchises/78.html]
[www.franchisedirect.com/blog/index.html]
[www.franchisedirect.com/information/franchisearticles/index.html]
[www.franchisedirect.com/foodfranchises/pizzafranchises/80.html]
[www.franchisedirect.com/information/reports/index.html]
[www.franchisedirect.com/cleaningfranchises/drycleaninglaundryfranchises/57.html]
[www.franchisedirect.com/news/index.html]
[www.franchisedirect.com/successstories/index.html]
[www.franchisedirect.com/testimonials/index.html]
[www.franchisedirect.com/calendar/index.html]
[www.franchisedirect.com/discoverydays/index.html]
[www.franchisedirect.com/video/index.html]
[static.franchisedirect.ie/dims4/default/08379e4/2147483647/resize/x100/quality/95/index700e.html]
[www.franchisedirect.com/automotive-franchises/grease-monkey/index.html]
[www.franchisedirect.com/top100globalfranchises/index.html]
[www.franchisedirect.com/childrens-franchises/tutor-doctor/index.html]
[www.franchisedirect.com/securityfranchises/50.html]
[static.franchisedirect.ie/dims4/default/649c086/2147483647/resize/x100/quality/95/indexddcc.html]
[static.franchisedirect.ie/dims4/default/533d9d0/2147483647/resize/x100/quality/95/index35f9.html]
[static.franchisedirect.ie/dims4/default/7e64420/2147483647/resize/x100/quality/95/index0ec7.html]
[www.franchisedirect.com/business-services-franchises/express-employment-professionals/index.html]
[www.franchisedirect.com/fitness-franchises/9round-fitness/index.html]
[www.franchisedirect.com/home-services-franchises/chem-dry-carpet-cleaning/index.html]
[www.franchisedirect.com/travelfranchises/travelagencyfranchises/136.html]
[static.franchisedirect.ie/dims4/default/6af4e29/2147483647/resize/x100/quality/95/indexa7f9.html]
[www.franchisedirect.com/automotivefranchises/car-wash-franchises/index.html]
[www.franchisedirect.com/best-sandwich-franchises/index.html]
[www.franchisedirect.com/best-franchises-to-buy-and-open/index.html]
[www.franchisedirect.com/information/advantages-and-disadvantages-of-buying-a-franchise.html]
[www.franchisedirect.com/ultimate-guide-to-franchising/benefits-of-franchising/index.html]
[www.franchisedirect.com/ultimate-guide-to-franchising/what-is-franchising/index.html]
[www.franchisedirect.com/ultimate-guide-to-franchising/choosing-most-profitable-franchise/index.html]
[d1imm0s6tc8o7m.cloudfront.net/resource/vendor/polyfill.min.9b2ddec919aac5d830b8a469c2ebabfd.gz.js]
[www.franchisedirect.com/ultimate-guide-to-franchising/11-key-steps-opening-franchise/index.html]
[d1imm0s6tc8o7m.cloudfront.net/resource/js/floatingPendingRequests.d9070df5f1843d75e5df214db48c0d31.gz.js]
[www.franchisedirect.com/ultimate-guide-to-franchising/franchises-vs-business-opportunities/index.html]
[d1imm0s6tc8o7m.cloudfront.net/resource/assets/two-stage-lead/style.c7ac0ca737e134c787a5ea8257cf4bbd.gz.css]
[www.franchisedirect.com/ultimate-guide-to-franchising/cost-to-start-a-franchise/index.html]
[d1imm0s6tc8o7m.cloudfront.net/resource/js/two-stage-lead.a4d259f8c5b9058166737b094b32d8c1.gz.js]
[www.franchisedirect.com/information/guidetobuyingafranchise/basicsofthefranchisedisclosuredocumentfdd/29/195/index.html]
[www.franchisedirect.com/information/guidetobuyingafranchise/completingandsigningafranchiseagreement/29/197/index.html]
[www.franchisedirect.com/information/informationforfranchisees/creatingabusinessplanforyourfranchise/9/1455/index.html]
[www.franchisedirect.com/_resource/analytics.js]
[www.franchisedirect.com/index.html]
[www.franchisedirect.com/advertise/index.html]
[www.franchisedirect.com/about/index.html]
[stackpath.bootstrapcdn.com/font-awesome/4.7.0/css/font-awesome.min.css]
[www.franchisedirect.com/terms/index.html]
[www.franchisedirect.com/privacy/index.html]
[static.franchisedirect.ie/dims4/default/43955da/2147483647/resize/x95/quality/95/index4d74.html]
[static.franchisedirect.ie/dims4/default/8b98bd9/2147483647/resize/x95/quality/95/indexda4f.html]
[www.franchisedirect.com/assets/fonts/OpenSans-Bold.ttf]
[www.franchisedirect.com/assets/fonts/OpenSans-Light.ttf]
[www.franchisedirect.com/assets/fonts/OpenSans-Regular.ttf]
[www.franchisedirect.com/sitemap/index.html]
[www.franchisedirect.com/images/ui-icons_444444_256x240.png]
[www.franchisedirect.com/images/ui-icons_555555_256x240.png]
[www.franchisedirect.com/images/ui-icons_ffffff_256x240.png]
[www.franchisedirect.com/images/ui-icons_777620_256x240.png]
[www.franchisedirect.com/images/ui-icons_cc0000_256x240.png]
[www.franchisedirect.com/images/ui-icons_777777_256x240.png]
[www.franchisedirect.com/images/layout/top100bg.jpg]
[www.franchisedirect.com/images/layout/starDivider.png]
[www.franchisedirect.com/images/layout/olBg.png]
[www.franchisedirect.com/images/layout/triangle.png]
[www.franchisedirect.com/images/icons/phone.png]
[www.franchisedirect.com/images/icons/user.html]
[www.franchisedirect.com/All.min.css]
[www.franchisedirect.com/assets/font-awesome-4.7.0/css/font-awesome.css]
[d1imm0s6tc8o7m.cloudfront.net/resource/All.min.2f1bbba77a4d810c47925da5504adf3d.gz.css]
[d1imm0s6tc8o7m.cloudfront.net/resource/assets/tel-input-17/css/intlTelInput.0494d2718e029351404c9a523e25b5b1.gz.css]
[www.googletagmanager.com/gtm5445.html]
[connect.facebook.net/en_US/fbevents.js]
[www.franchisedirect.com/industries/index.html]
[www.franchisedirect.com/accountingfinancialfranchises/38.html]
[www.franchisedirect.com/advertisingmarketingfranchises/39.html]
[www.franchisedirect.com/automotivefranchises/7.html]
[www.franchisedirect.com/businessopportunities/8.html]
[www.franchisedirect.com/businessservicesfranchise/351.html]
[www.franchisedirect.com/childrensfranchises/10.html]
[www.franchisedirect.com/cleaningfranchises/11.html]
[www.franchisedirect.com/coffeefranchises/74.html]
[www.franchisedirect.com/computerinternetfranchises/12.html]
[www.franchisedirect.com/consultantbusinessbrokerfranchises/43.html]
[www.franchisedirect.com/courierfranchises/42.html]
[www.franchisedirect.com/employmentstaffingfranchises/45.html]
[www.franchisedirect.com/entertainmentfranchises/107.html]
[www.franchisedirect.com/fitnessfranchises/13.html]
[www.franchisedirect.com/foodfranchises/14.html]
[www.franchisedirect.com/franchise-resales/index.html]
[www.franchisedirect.com/franchise-service-providers/index.html]
[www.franchisedirect.com/healthbeautyfranchises/129.html]
[www.franchisedirect.com/healthcareseniorcarefranchises/15.html]
[www.franchisedirect.com/homebasedfranchises/16.html]
[www.franchisedirect.com/homeservicesfranchises/17.html]
[www.franchisedirect.com/industrialfranchises/919.html]
[www.franchisedirect.com/mailingshippingfranchises/49.html]
[www.franchisedirect.com/movingstoragefranchises/46.html]
[www.franchisedirect.com/petfranchises/18.html]
[www.franchisedirect.com/photographyfranchises/110.html]
[www.franchisedirect.com/post-covid-franchises/index.html]
[www.franchisedirect.com/printercopyingsignfranchises/48.html]
[www.franchisedirect.com/real-estate-franchises/19.html]
[www.franchisedirect.com/restaurantfranchises/81.html]
[www.franchisedirect.com/retailfranchises/100.html]
[www.franchisedirect.com/sportsfranchises/111.html]
[www.franchisedirect.com/taxfranchises/51.html]
[www.franchisedirect.com/trainingfranchises/44.html]
[www.franchisedirect.com/travelfranchises/21.html]
[www.franchisedirect.com/vendingfranchiseopportunities/121.html]
[www.franchisedirect.com/franchises-under-10k/index.html]
[www.franchisedirect.com/franchises-under-1000/index.html]
[www.franchisedirect.com/franchises-under-5000/index.html]
[www.franchisedirect.com/franchises-under-20000/index.html]
[www.franchisedirect.com/franchises-under-30000/index.html]
[www.franchisedirect.com/franchises-under-40000/index.html]
[www.franchisedirect.com/franchises-under-50000/index.html]
[www.franchisedirect.com/franchises-under-60000/index.html]
[www.franchisedirect.com/franchises-under-70000/index.html]
[www.franchisedirect.com/franchises-under-80000/index.html]
[www.franchisedirect.com/franchises-under-90000/index.html]
